// Jest Snapshot v1, https://goo.gl/fbAQLP

exports[`matches snapshot 1`] = `
<DocumentFragment>
  <div
    class="App"
  >
    <header
      class="App-header"
    >
      <img
        alt="logo"
        class="App-logo"
        src="logo.svg"
      />
      <p>
        Edit 
        <code>
          src/App.js
        </code>
         and save to reload.
      </p>
      <a
        class="App-link"
        href="https://reactjs.org"
        rel="noopener noreferrer"
        target="_blank"
      >
        Learn React
      </a>
      <br />
      <h1
        class="text-3xl font-bold underline"
      >
        Hello world from tailwind!
      </h1>
    </header>
  </div>
</DocumentFragment>
`;
